Type error: Cannot have types 'num' and 'bool' for operator '+'
