Type error: expected value of type 'list list string', got a value of type 'list list num' instead
