Type error: expected value of type 'num', got a value of type 'unit' instead
