Type error: expected value of type 'A', got a value of type '(list A) -> B' instead
