Type error: expected value of type 'list num', got a value of type 'num' instead
