Type error: expected value of type 'string', got a value of type 'num' instead
