Error: Expected number of argument(s): 3, got 2 instead.
