Type error: Assignment expressions cannot be returned
