Error: property 'range ( 1., 10. ) === List.range ( 1., 10. )' is not defined in module 'List'
