Error: Expected number of argument(s): 1, got 2 instead.
