Error: 'x' cannot be redefined in the current scope
