Type error: expected value of type 'list A', got a value of type 'num' instead
