Type Error: Cannot have 'list num' as key type in a Map.
