Type error: expected value of type 'list string', got a value of type 'list num' instead
