Type error: expected value of type 'unit', got a value of type 'num' instead
