Type error: expected value of type 'bool', got a value of type '(B, A) -> C' instead
