function_arg funarg
inner decl
In anonymous function lambda
should be inner decl inner decl
Back in top level scope top level
