5
4
3
2
1
five
four
three
two
one
false
true
false
false
true
