Map { "foo": "hello", "bar": "world" }
Map { "foo": "programming", "baz": "fun" }
Map { "manz": "playa", "foo": "world" }
