List [ "foo", "foo1" ]
List [ "1", "2" ]
List [ "true", "false" ]
List [ "1", "2" ]
