List [ 1, 2, 3, 4, 5, 7 ]
List [ "one", "two", "three", "four", "five", "seven" ]
List [ true, false, false, true, false, false ]
