List [ List [ 1, 2 ], List [ 1, 2, 3 ], List [ 4, 5 ] ]
